// Jest Snapshot v1, https://goo.gl/fbAQLP

exports[`ResultsTitle renders correctly 1`] = `<p />`;
