// Jest Snapshot v1, https://goo.gl/fbAQLP

exports[`MoviesNotFoundMessage renders correctly 1`] = `
<p
  className="not-found-msg"
>
  No films Found
</p>
`;
